MPLINK 4.49, Linker
Linker Map File - Created Thu Nov 29 22:50:49 2018

                                 Section Info
                  Section       Type    Address   Location Size(Bytes)
                ---------  ---------  ---------  ---------  ---------
                   .org_0       code   0x000000    program   0x000000
                   .org_1       code   0x000000    program   0x000098



                              Program Memory Usage 
                               Start         End      
                           ---------   ---------      
                            0x000000    0x00004b      
            76 out of 8454 program addresses used, program memory utilization is 0%



                              Symbols - Sorted by Name
                     Name    Address   Location    Storage File                     
                ---------  ---------  ---------  --------- ---------                
                ANA_METOT   0x000001    program     static D:\mikroislemciler\2018GuzDonemi\57.uygulama\uygulama-57.asm
                  GECIKME   0x00002d    program     static D:\mikroislemciler\2018GuzDonemi\57.uygulama\uygulama-57.asm
              KARAKTERLER   0x000036    program     static D:\mikroislemciler\2018GuzDonemi\57.uygulama\uygulama-57.asm
             LCD_AYARLAMA   0x000009    program     static D:\mikroislemciler\2018GuzDonemi\57.uygulama\uygulama-57.asm
         LCD_KOMUT_GONDER   0x000026    program     static D:\mikroislemciler\2018GuzDonemi\57.uygulama\uygulama-57.asm
            LCD_KOMUT_YAZ   0x000020    program     static D:\mikroislemciler\2018GuzDonemi\57.uygulama\uygulama-57.asm
          LCD_VERI_GONDER   0x000019    program     static D:\mikroislemciler\2018GuzDonemi\57.uygulama\uygulama-57.asm
             LCD_VERI_YAZ   0x000013    program     static D:\mikroislemciler\2018GuzDonemi\57.uygulama\uygulama-57.asm
                   SATIR2   0x000010    program     static D:\mikroislemciler\2018GuzDonemi\57.uygulama\uygulama-57.asm
                  TEKRAR1   0x00002f    program     static D:\mikroislemciler\2018GuzDonemi\57.uygulama\uygulama-57.asm
                  TEKRAR2   0x000031    program     static D:\mikroislemciler\2018GuzDonemi\57.uygulama\uygulama-57.asm



                              Symbols - Sorted by Address
                     Name    Address   Location    Storage File                     
                ---------  ---------  ---------  --------- ---------                
                ANA_METOT   0x000001    program     static D:\mikroislemciler\2018GuzDonemi\57.uygulama\uygulama-57.asm
             LCD_AYARLAMA   0x000009    program     static D:\mikroislemciler\2018GuzDonemi\57.uygulama\uygulama-57.asm
                   SATIR2   0x000010    program     static D:\mikroislemciler\2018GuzDonemi\57.uygulama\uygulama-57.asm
             LCD_VERI_YAZ   0x000013    program     static D:\mikroislemciler\2018GuzDonemi\57.uygulama\uygulama-57.asm
          LCD_VERI_GONDER   0x000019    program     static D:\mikroislemciler\2018GuzDonemi\57.uygulama\uygulama-57.asm
            LCD_KOMUT_YAZ   0x000020    program     static D:\mikroislemciler\2018GuzDonemi\57.uygulama\uygulama-57.asm
         LCD_KOMUT_GONDER   0x000026    program     static D:\mikroislemciler\2018GuzDonemi\57.uygulama\uygulama-57.asm
                  GECIKME   0x00002d    program     static D:\mikroislemciler\2018GuzDonemi\57.uygulama\uygulama-57.asm
                  TEKRAR1   0x00002f    program     static D:\mikroislemciler\2018GuzDonemi\57.uygulama\uygulama-57.asm
                  TEKRAR2   0x000031    program     static D:\mikroislemciler\2018GuzDonemi\57.uygulama\uygulama-57.asm
              KARAKTERLER   0x000036    program     static D:\mikroislemciler\2018GuzDonemi\57.uygulama\uygulama-57.asm


